wormhole-rs 0.6.1

USAGE:
    wormhole-rs [OPTIONS] <SUBCOMMAND>

OPTIONS:
    -h, --help       Print help information
    -v, --verbose    Enable logging to stdout, for debugging purposes
    -V, --version    Print version information

SUBCOMMANDS:
    forward      Forward ports from one machine to another
    receive      Receive a file or a folder [aliases: rx]
    send         Send a file or a folder [aliases: tx]
    send-many    Send a file to many recipients. READ HELP PAGE FIRST!

Run a subcommand with `--help` to know how it's used.
To send files, use `wormhole send <PATH>`.
To receive files, use `wormhole receive <CODE>`.
