error: The following required arguments were not provided:
    <FILENAME|DIRNAME>...

USAGE:
    wormhole-rs[EXE] send-many [OPTIONS] <FILENAME|DIRNAME>...

For more information try --help
